 WARN  Unsupported engine: wanted: {"node":">=18 <21"} (current: {"node":"v22.14.0","pnpm":"10.0.0"})

> satoshe-sluggers@0.1.0 build C:\Users\krist\OneDrive\Desktop\satoshe-sluggers
> next build --turbopack

   ▲ Next.js 15.5.6 (Turbopack)
   - Environments: .env.local, .env
   - Experiments (use with caution):
     · optimizePackageImports

   Creating an optimized production build ...
 ✓ Finished writing to disk in 760ms
 ✓ Compiled successfully in 9.6s
   Linting and checking validity of types ...
   Collecting page data ...
   Generating static pages (0/10) ...
   Generating static pages (2/10) 
   Generating static pages (4/10) 
   Generating static pages (7/10) 
 ✓ Generating static pages (10/10)
   Finalizing page optimization ...
   Collecting build traces ...

Route (app)                         Size  First Load JS
┌ ○ /                            91.4 kB         711 kB
├ ○ /_not-found                      0 B         181 kB
├ ○ /about                        127 kB         671 kB
├ ƒ /api/contact-disabled            0 B            0 B
├ ○ /contact                     4.72 kB         675 kB
├ ○ /my-nfts                     3.37 kB         674 kB
├ ƒ /nft/[id]                     285 kB         808 kB
├ ○ /nfts                         236 kB         697 kB
└ ○ /provenance                   132 kB         675 kB
+ First Load JS shared by all     197 kB
  ├ chunks/053eb8a1e45a3dd4.js     13 kB
  ├ chunks/368e1c4a49ff98a9.js     59 kB
  ├ chunks/58f46dceb51ecf75.js   29.4 kB
  ├ chunks/ce9e022e6e76e516.js   17.3 kB
  ├ chunks/aa36922fd7a5898c.css  16.2 kB
  └ other shared chunks (total)  62.1 kB


○  (Static)   prerendered as static content
ƒ  (Dynamic)  server-rendered on demand

